// Jest Snapshot v1, https://goo.gl/fbAQLP

exports[`should render our Picker component 1`] = `
<div>
  <div
    class="picker"
  >
    <label>
      Head:
      <select>
        <option
          value="bird"
        >
          Bird
        </option>
        <option
          value="dog"
        >
          Dog
        </option>
        <option
          value="duck"
        >
          Duck
        </option>
        <option
          value="horse"
        >
          Horse
        </option>
      </select>
    </label>
    <label>
      Torso:
      <select>
        <option
          value="blue"
        >
          Blue
        </option>
        <option
          value="dress"
        >
          Dress
        </option>
        <option
          value="pink"
        >
          Pink
        </option>
        <option
          value="red"
        >
          Red
        </option>
      </select>
    </label>
    <label>
      Legs:
      <select>
        <option
          value="blue"
        >
          Blue
        </option>
        <option
          value="leg"
        >
          Leg
        </option>
        <option
          value="white"
        >
          White
        </option>
      </select>
    </label>
    <label>
      Add a Catchphrase:
      <input
        type="text"
        value=""
      />
      <button>
        Add
      </button>
    </label>
  </div>
</div>
`;
